\BOOKMARK [1][-]{section.1}{\376\377\000I\000n\000t\000r\000o\000d\000u\000c\000t\000i\000o\000n}{}% 1
\BOOKMARK [2][-]{subsection.1.1}{\376\377\000M\000o\000t\000i\000v\000a\000t\000i\000o\000n}{section.1}% 2
\BOOKMARK [2][-]{subsection.1.2}{\376\377\000O\000u\000r\000\040\000A\000p\000p\000r\000o\000a\000c\000h}{section.1}% 3
\BOOKMARK [1][-]{section.2}{\376\377\000R\000e\000l\000a\000t\000e\000d\000\040\000W\000o\000r\000k}{}% 4
\BOOKMARK [2][-]{subsection.2.1}{\376\377\000I\000n\000t\000e\000r\000s\000e\000c\000t\000i\000o\000n\000\040\000S\000a\000f\000e\000t\000y\000\040\000A\000u\000d\000i\000t\000s}{section.2}% 5
\BOOKMARK [2][-]{subsection.2.2}{\376\377\000M\000u\000l\000t\000i\000-\000V\000i\000e\000w\000\040\0003\000D\000\040\000R\000e\000c\000o\000n\000s\000t\000r\000u\000c\000t\000i\000o\000n}{section.2}% 6
\BOOKMARK [2][-]{subsection.2.3}{\376\377\000O\000b\000j\000e\000c\000t\000\040\000D\000e\000t\000e\000c\000t\000i\000o\000n\000\040\000a\000n\000d\000\040\000T\000r\000a\000c\000k\000i\000n\000g}{section.2}% 7
\BOOKMARK [2][-]{subsection.2.4}{\376\377\000O\000u\000r\000\040\000C\000o\000n\000t\000r\000i\000b\000u\000t\000i\000o\000n}{section.2}% 8
\BOOKMARK [1][-]{section.3}{\376\377\000b\000l\000u\000e\000D\000a\000t\000a}{}% 9
\BOOKMARK [2][-]{subsection.3.1}{\376\377\000b\000l\000u\000e\000D\000a\000t\000a\000\040\000C\000h\000a\000r\000a\000c\000t\000e\000r\000i\000s\000t\000i\000c\000s}{section.3}% 10
\BOOKMARK [2][-]{subsection.3.2}{\376\377\000b\000l\000u\000e\000D\000a\000t\000a\000\040\000P\000r\000o\000c\000e\000s\000s\000i\000n\000g}{section.3}% 11
\BOOKMARK [1][-]{section.4}{\376\377\000b\000l\000u\000e\000M\000e\000t\000h\000o\000d}{}% 12
\BOOKMARK [2][-]{subsection.4.1}{\376\377\000b\000l\000u\000e\000P\000a\000s\000s\000\040\0001\000:\000\040\000S\000t\000a\000t\000i\000c\000\040\000S\000c\000e\000n\000e\000\040\000R\000e\000c\000o\000n\000s\000t\000r\000u\000c\000t\000i\000o\000n}{section.4}% 13
\BOOKMARK [2][-]{subsection.4.2}{\376\377\000b\000l\000u\000e\000P\000a\000s\000s\000\040\0002\000:\000\040\000D\000y\000n\000a\000m\000i\000c\000\040\000O\000b\000j\000e\000c\000t\000\040\000T\000r\000a\000c\000k\000i\000n\000g}{section.4}% 14
\BOOKMARK [3][-]{subsubsection.4.2.1}{\376\377\000b\000l\000u\000e\000D\000e\000t\000e\000c\000t\000i\000o\000n\000\040\000a\000n\000d\000\040\000P\000e\000r\000-\000C\000a\000m\000e\000r\000a\000\040\000T\000r\000a\000c\000k\000i\000n\000g}{subsection.4.2}% 15
\BOOKMARK [3][-]{subsubsection.4.2.2}{\376\377\000b\000l\000u\000e\000S\000t\000e\000r\000e\000o\000\040\000T\000r\000i\000a\000n\000g\000u\000l\000a\000t\000i\000o\000n\000\040\000f\000o\000r\000\040\0003\000D\000\040\000L\000o\000c\000a\000l\000i\000z\000a\000t\000i\000o\000n}{subsection.4.2}% 16
\BOOKMARK [3][-]{subsubsection.4.2.3}{\376\377\000b\000l\000u\000e\000K\000a\000l\000m\000a\000n\000\040\000F\000i\000l\000t\000e\000r\000\040\000T\000r\000a\000c\000k\000i\000n\000g}{subsection.4.2}% 17
\BOOKMARK [3][-]{subsubsection.4.2.4}{\376\377\000b\000l\000u\000e\000M\000u\000l\000t\000i\000-\000C\000a\000m\000e\000r\000a\000\040\000A\000s\000s\000o\000c\000i\000a\000t\000i\000o\000n}{subsection.4.2}% 18
\BOOKMARK [3][-]{subsubsection.4.2.5}{\376\377\000b\000l\000u\000e\000C\000a\000n\000o\000n\000i\000c\000a\000l\000\040\000P\000r\000i\000m\000i\000t\000i\000v\000e\000\040\000R\000e\000p\000r\000e\000s\000e\000n\000t\000a\000t\000i\000o\000n}{subsection.4.2}% 19
\BOOKMARK [2][-]{subsection.4.3}{\376\377\000P\000a\000s\000s\000\040\0003\000:\000\040\000L\000i\000n\000e\000-\000o\000f\000-\000S\000i\000g\000h\000t\000\040\000A\000u\000d\000i\000t}{section.4}% 20
\BOOKMARK [3][-]{subsubsection.4.3.1}{\376\377\000S\000c\000a\000l\000e\000\040\000C\000a\000l\000i\000b\000r\000a\000t\000i\000o\000n\000\040\000a\000n\000d\000\040\000S\000p\000a\000t\000i\000a\000l\000\040\000I\000n\000d\000e\000x\000i\000n\000g}{subsection.4.3}% 21
\BOOKMARK [3][-]{subsubsection.4.3.2}{\376\377\000V\000i\000s\000i\000b\000i\000l\000i\000t\000y\000\040\000S\000c\000o\000r\000i\000n\000g}{subsection.4.3}% 22
\BOOKMARK [1][-]{section.5}{\376\377\000E\000x\000p\000e\000r\000i\000m\000e\000n\000t\000s}{}% 23
\BOOKMARK [2][-]{subsection.5.1}{\376\377\000E\000v\000a\000l\000u\000a\000t\000i\000o\000n\000\040\000M\000e\000t\000r\000i\000c\000s}{section.5}% 24
\BOOKMARK [2][-]{subsection.5.2}{\376\377\000B\000a\000s\000e\000l\000i\000n\000e\000s}{section.5}% 25
\BOOKMARK [2][-]{subsection.5.3}{\376\377\000H\000y\000p\000o\000t\000h\000e\000s\000i\000s}{section.5}% 26
\BOOKMARK [2][-]{subsection.5.4}{\376\377\000E\000x\000p\000e\000r\000i\000m\000e\000n\000t\000a\000l\000\040\000R\000e\000s\000u\000l\000t\000s}{section.5}% 27
\BOOKMARK [3][-]{subsubsection.5.4.1}{\376\377\000S\000t\000a\000t\000i\000c\000\040\000R\000e\000c\000o\000n\000s\000t\000r\000u\000c\000t\000i\000o\000n}{subsection.5.4}% 28
\BOOKMARK [3][-]{subsubsection.5.4.2}{\376\377\000P\000e\000r\000-\000C\000a\000m\000e\000r\000a\000\040\000T\000r\000a\000c\000k\000i\000n\000g}{subsection.5.4}% 29
\BOOKMARK [3][-]{subsubsection.5.4.3}{\376\377\000M\000u\000l\000t\000i\000-\000C\000a\000m\000e\000r\000a\000\040\000A\000s\000s\000o\000c\000i\000a\000t\000i\000o\000n}{subsection.5.4}% 30
\BOOKMARK [3][-]{subsubsection.5.4.4}{\376\377\000P\000r\000i\000m\000i\000t\000i\000v\000e\000\040\000R\000e\000p\000r\000e\000s\000e\000n\000t\000a\000t\000i\000o\000n\000\040\000a\000n\000d\000\040\000S\000c\000a\000l\000e\000\040\000C\000a\000l\000i\000b\000r\000a\000t\000i\000o\000n}{subsection.5.4}% 31
\BOOKMARK [3][-]{subsubsection.5.4.5}{\376\377\000L\000i\000n\000e\000-\000o\000f\000-\000S\000i\000g\000h\000t\000\040\000A\000n\000a\000l\000y\000s\000i\000s}{subsection.5.4}% 32
\BOOKMARK [3][-]{subsubsection.5.4.6}{\376\377\000B\000a\000s\000e\000l\000i\000n\000e\000\040\000C\000o\000m\000p\000a\000r\000i\000s\000o\000n\000s}{subsection.5.4}% 33
